// Jest Snapshot v1, https://goo.gl/fbAQLP

exports[`ExtensionSupports Should render correctly without actions 1`] = `
<div
  className="extension-group"
/>
`;
